Microsoft Windows [Versión 10.0.19045.2604]
(c) Microsoft Corporation. Todos los derechos reservados.

C:\Users\Jesus Arellano>cd C:\Program Files\MySQL\MySQL Shell 8.0\bin

C:\Program Files\MySQL\MySQL Shell 8.0\bin>mysqlsh.exe
MySQL Shell 8.0.32

Copyright (c) 2016, 2023, Oracle and/or its affiliates.
Oracle is a registered trademark of Oracle Corporation and/or its affiliates.
Other names may be trademarks of their respective owners.

Type '\help' or '\?' for help; '\quit' to exit.
 MySQL  JS > \sql
Switching to SQL mode... Commands end with ;
 MySQL  SQL > \connect
\connect [--mx|--mysqlx|--mc|--mysql] [--ssh <sshuri>] <URI>
 MySQL  SQL > \connect --ms usuario root@localhost
\connect --ms usuario root@localhost: unknown option --ms
\connect [--mx|--mysqlx|--mc|--mysql] [--ssh <sshuri>] <URI>
 MySQL  SQL > \connect --mc usuario root@localhost
Creating a Classic session to 'root@localhost'
Please provide the password for 'root@localhost': ****
Save password for 'root@localhost'? [Y]es/[N]o/Ne[v]er (default No): n
Fetching global names for auto-completion... Press ^C to stop.
Your MySQL connection id is 9              create table Automovil(n_serie varchar(50) key, marca varchar(50) not null, modelo int
                                        -> );eate table Automovil(n_serie varchar(50) key, marca varchar(50) not null, modelo int
Query OK, 0 rows affected (0.0553 sec)<schecreate table Automovil(n_serie varchar(50) key, marca varchar(50) not null, modelo in
 MySQL  localhost:3306 ssl  agencia  SQL > create table Automovil(n_serie varchar(50) key, marca varchar(50) not null, modelo i
 MySQL  localhost:3306 ssl  agencia  SQL > create table Automovil(n_serie varchar(50) key, marca varchar(50) not null, modelo
 MySQL  localhost:3306 ssl  agencia  SQL > create table Automovil(n_serie varchar(50) key, marca varchar(50) not null, modelo
 MySQL  localhost:3306 ssl  agencia  SQL > create table Automovil(n_serie varchar(50) key, marca varchar(50) not null, modelo  i
 MySQL  localhost:3306 ssl  agencia  SQL > create table Automovil(n_serie varchar(50) key, marca varchar(50) not null, modelo  in
 MySQL  localhost:3306 ssl  agencia  SQL > create table Automovil(n_serie varchar(50) key, marca varchar(50) not null, modelo  i
 MySQL  localhost:3306 ssl  agencia  SQL > create table Automovil(n_serie varchar(50) key, marca varchar(50) not null, modelo
 MySQL  localhost:3306 ssl  agencia  SQL > create table Automovil(n_serie varchar(50) key, marca varchar(50) not null, modelo  i
 MySQL  localhost:3306 ssl  agencia  SQL > create table Automovil(n_serie varchar(50) key, marca varchar(50) not null, modelo  in
 MySQL  localhost:3306 ssl  agencia  SQL > create table Automovil(n_serie varchar(50) key, marca varchar(50) not null, modelo  int
 MySQL  localhost:3306 ssl  agencia  SQL > create table Automovil(n_serie varchar(50) key, marca varchar(50) not null, modelo  int
 MySQL  localhost:3306 ssl  agencia  SQL > create table Automovil(n_serie varchar(50) key, marca varchar(50) not null, modelo  int
 MySQL  localhost:3306 ssl  agencia  SQL > create table Automovil(n_serie varchar(50) key, marca varchar(50) not null, modelo  in
 MySQL  localhost:3306 ssl  agencia  SQL > create table Automovil(n_serie varchar(50) key, marca varchar(50) not null, modelo  i
 MySQL  localhost:3306 ssl  agencia  SQL > create table Automovil(n_serie varchar(50) key, marca varchar(50) not null, modelo
 MySQL  localhost:3306 ssl  agencia  SQL > create table Automovil(n_serie varchar(50) key, marca varchar(50) not null, modelo
 MySQL  localhost:3306 ssl  agencia  SQL > create table Automovil(n_serie varchar(50) key, marca varchar(50) not null, modelo v
 MySQL  localhost:3306 ssl  agencia  SQL > create table Automovil(n_serie varchar(50) key, marca varchar(50) not null, modelo va
 MySQL  localhost:3306 ssl  agencia  SQL > create table Automovil(n_serie varchar(50) key, marca varchar(50) not null, modelo v
 MySQL  localhost:3306 ssl  agencia  SQL > create table Automovil(n_serie varchar(50) key, marca varchar(50) not null, modelo
 MySQL  localhost:3306 ssl  agencia  SQL >
Bye!

C:\Program Files\MySQL\MySQL Shell 8.0\bin>vmysqlsh.exe
"vmysqlsh.exe" no se reconoce como un comando interno o externo,
programa o archivo por lotes ejecutable.

C:\Program Files\MySQL\MySQL Shell 8.0\bin>mysqlsh.exe
MySQL Shell 8.0.32

Copyright (c) 2016, 2023, Oracle and/or its affiliates.
Oracle is a registered trademark of Oracle Corporation and/or its affiliates.
Other names may be trademarks of their respective owners.

Type '\help' or '\?' for help; '\quit' to exit.
 MySQL  JS > \sql
Switching to SQL mode... Commands end with ;
 MySQL  SQL > \connect
\connect [--mx|--mysqlx|--mc|--mysql] [--ssh <sshuri>] <URI>
 MySQL  SQL > \connect --ms usuario root@localhost
\connect --ms usuario root@localhost: unknown option --ms
\connect [--mx|--mysqlx|--mc|--mysql] [--ssh <sshuri>] <URI>
 MySQL  SQL > \connect --mc usuario root@localhost
Creating a Classic session to 'root@localhost'
Please provide the password for 'root@localhost': ****
Save password for 'root@localhost'? [Y]es/[N]o/Ne[v]er (default No): n
Fetching global names for auto-completion... Press ^C to stop.
Your MySQL connection id is 10
Server version: 8.0.32 MySQL Community Server - GPL
No default schema selected; type \use <schema> to set one.
 MySQL  localhost:3306 ssl  SQL > show databases;
+--------------------+
| Database           |
+--------------------+
| agencia            |
| evaluacion_1       |
| information_schema |
| mysql              |
| performance_schema |
| sakila             |
| sys                |
| world              |
+--------------------+
8 rows in set (0.0090 sec)
 MySQL  localhost:3306 ssl  SQL > use agencia;
Default schema set to `agencia`.
Fetching global names, object names from `agencia` for auto-completion... Press ^C to stop.
 MySQL  localhost:3306 ssl  agencia  SQL > create table automovil(
                                        -> n_serie varchar(50) key,
                                        -> create table automovil( n_serie varchar(50) key, marca varchar(30) not null, modelo varchar(30) not null,  año año>1900 and año<2025 not null, precio>0 not null);
ERROR: 1064 (42000): You have an error in your SQL syntax; check the manual that corresponds to your MySQL server version for the right syntax to use near 'año>1900 and año<2025 not null, precio>0 not null)' at line 1                            -> create table automovil( n_serie varchar(50) key, marca varchar(30) not null, modelo varchar(30) not null,  añoaño>1900 and año<2025 not null, precio>0 not null);
 MySQL  localhost:3306 ssl  agencia  SQL > ;reate table automovil( n_serie varchar(50) key, marca varchar(30) not null, modelo varchar(30) not null,  añaño>1900 and año<2025 not null, precio>0 not null);
ERROR: 1065 (42000): Query was emptyor in ycreate table automovil( n_serie varchar(50) key, marca varchar(30) not null, modelo varchar(30) not null,  aaño>1900 and año<2025 not null, precio>0 not null);
 MySQL  localhost:3306 ssl  agencia  SQL > create table automovil( n_serie varchar(50) key, marca varchar(30) not null, modelo varchar(30) not null,  año>1900 and año<2025 not null, precio>0 not null);
 MySQL  localhost:3306 ssl  agencia  SQL > create table automovil( n_serie varchar(50) key, marca varchar(30) not null, modelo varchar(30) not null,  caño>1900 and año<2025 not null, precio>0 not null);
 MySQL  localhost:3306 ssl  agencia  SQL > create table automovil( n_serie varchar(50) key, marca varchar(30) not null, modelo varchar(30) not null,  año int check (año>1900 and año<2025) not null, precio>0 not null);
ERROR: 1064 (42000): You have an error in your SQL syntax; check the manual that corresponds to your MySQL server version for the right syntax to use near '>0 not null)' at line 1
 MySQL  localhost:3306 ssl  agencia  SQL > create table automovil( n_serie varchar(50) key, marca varchar(30) not null, modelo varchar(30) not null,  año int check (año>1900 and año<2025) not null, precio int check (precio>0) not null);
ERROR: 1050 (42S01): Table 'automovil' already exists
 MySQL  localhost:3306 ssl  agencia  SQL > show tables;
+-------------------+
| Tables_in_agencia |
+-------------------+
| automovil         |
+-------------------+
1 row in set (0.0012 sec)
 MySQL  localhost:3306 ssl  agencia  SQL > select *from automovil;
Empty set (0.0004 sec)
 MySQL  localhost:3306 ssl  agencia  SQL > drop table automovil;
Query OK, 0 rows affected (0.0410 sec)
 MySQL  localhost:3306 ssl  agencia  SQL > show tables;
Empty set (0.0012 sec)
 MySQL  localhost:3306 ssl  agencia  SQL > create table automovil( n_serie varchar(50) key, marca varchar(30) not null, modelo varchar(30) not null,  año int check (año>1900 and año<2025) not null, precio int check (precio>0) not null);
Query OK, 0 rows affected (0.0199 sec)
 MySQL  localhost:3306 ssl  agencia  SQL > show tables;
+-------------------+
| Tables_in_agencia |
+-------------------+
| automovil         |
+-------------------+
1 row in set (0.0012 sec)
 MySQL  localhost:3306 ssl  agencia  SQL > select * from automovil;
Empty set (0.0060 sec)
 MySQL  localhost:3306 ssl  agencia  SQL > use automovil;
MySQL Error 1049: Unknown database 'automovil'
 MySQL  localhost:3306 ssl  agencia  SQL > use automovil;
MySQL Error 1049: Unknown database 'automovil'
 MySQL  localhost:3306 ssl  agencia  SQL > desc automovil;
+---------+-------------+------+-----+---------+-------+
| Field   | Type        | Null | Key | Default | Extra |
+---------+-------------+------+-----+---------+-------+
| n_serie | varchar(50) | NO   | PRI | NULL    |       |
| marca   | varchar(30) | NO   |     | NULL    |       |
| modelo  | varchar(30) | NO   |     | NULL    |       |
| año     | int         | NO   |     | NULL    |       |
| precio  | int         | NO   |     | NULL    |       |
+---------+-------------+------+-----+---------+-------+
5 rows in set (0.0091 sec)
 MySQL  localhost:3306 ssl  agencia  SQL > create vendedor (
                                        -> clave int auto_increment key,
                                        -> apellidos varchar(50) not null,
                                        -> nombre varchar(50) not null,
                                        -> RFC varchar(13) not null,
                                        -> comision_por_venta int not null enum('3','5','10'));
ERROR: 1064 (42000): You have an error in your SQL syntax; check the manual that corresponds to your MySQL server version for the right syntax to use near 'vendedor (
clave int auto_increment key,
apellidos varchar(50) not null,
nombre' at line 1
 MySQL  localhost:3306 ssl  agencia  SQL > create table vendedor ( clave int auto_increment key,  apellidos varchar(50) not null, nombre varchar(50) not null, RFC varchar(13) not null, comision_por_venta int not null enum('3','5','10'));
ERROR: 1064 (42000): You have an error in your SQL syntax; check the manual that corresponds to your MySQL server version for the right syntax to use near 'enum('3','5','10'))' at line 1
 MySQL  localhost:3306 ssl  agencia  SQL > create table vendedor ( clave int auto_increment key,  apellidos varchar(50) not null, nombre varchar(50) not null, RFC varchar(13) not null, comision_por_venta not null enum('3','5','10'));
ERROR: 1064 (42000): You have an error in your SQL syntax; check the manual that corresponds to your MySQL server version for the right syntax to use near 'not null enum('3','5','10'))' at line 1
 MySQL  localhost:3306 ssl  agencia  SQL > create table vendedor ( clave int auto_increment key,  apellidos varchar(50) not null, nombre varchar(50) not null, RFC varchar(13) not null, comision_por_venta int not null enum('3','5','10'));
ERROR: 1064 (42000): You have an error in your SQL syntax; check the manual that corresponds to your MySQL server version for the right syntax to use near 'enum('3','5','10'))' at line 1
 MySQL  localhost:3306 ssl  agencia  SQL > create table vendedor ( clave int auto_increment key,  apellidos varchar(50) not null, nombre varchar(50) not null, RFC varchar(13) not null, comision_por_venta enum('3','5','10') not null);
Query OK, 0 rows affected (0.0331 sec)
 MySQL  localhost:3306 ssl  agencia  SQL > desc vendedor;
+--------------------+--------------------+------+-----+---------+----------------+
| Field              | Type               | Null | Key | Default | Extra          |
+--------------------+--------------------+------+-----+---------+----------------+
| clave              | int                | NO   | PRI | NULL    | auto_increment |
| apellidos          | varchar(50)        | NO   |     | NULL    |                |
| nombre             | varchar(50)        | NO   |     | NULL    |                |
| RFC                | varchar(13)        | NO   |     | NULL    |                |
| comision_por_venta | enum('3','5','10') | NO   |     | NULL    |                |
+--------------------+--------------------+------+-----+---------+----------------+
5 rows in set (0.0018 sec)
 MySQL  localhost:3306 ssl  agencia  SQL > create table cliente(
                                        -> clave int auto_increment key,
                                        -> apellidos varchar(50) not null,
                                        -> nombre varchar(50) not null,
                                        -> tipo_cliente enum('Fisica', 'Moral'),
                                        -> razon_social varchar(50) null,
                                        -> RFC varchar(13) not null);
Query OK, 0 rows affected (0.0234 sec)
 MySQL  localhost:3306 ssl  agencia  SQL > desc cliente;
+--------------+------------------------+------+-----+---------+----------------+
| Field        | Type                   | Null | Key | Default | Extra          |
+--------------+------------------------+------+-----+---------+----------------+
| clave        | int                    | NO   | PRI | NULL    | auto_increment |
| apellidos    | varchar(50)            | NO   |     | NULL    |                |
| nombre       | varchar(50)            | NO   |     | NULL    |                |
| tipo_cliente | enum('Fisica','Moral') | YES  |     | NULL    |                |
| razon_social | varchar(50)            | YES  |     | NULL    |                |
| RFC          | varchar(13)            | NO   |     | NULL    |                |
+--------------+------------------------+------+-----+---------+----------------+
6 rows in set (0.0018 sec)
 MySQL  localhost:3306 ssl  agencia  SQL > show tables;
+-------------------+
| Tables_in_agencia |
+-------------------+
| automovil         |
| cliente           |
| vendedor          |
+-------------------+
3 rows in set (0.0012 sec)
 MySQL  localhost:3306 ssl  agencia  SQL > insert into automovil (n_serie, marca, modelo, año,precio) values ('AKK172JS839J8292J9','Nissan','Tsuru',1992, 30000);
Query OK, 1 row affected (0.0177 sec)
 MySQL  localhost:3306 ssl  agencia  SQL > selet * from automovil;
ERROR: 1064 (42000): You have an error in your SQL syntax; check the manual that corresponds to your MySQL server version for the right syntax to use near 'selet * from automovil' at line 1
 MySQL  localhost:3306 ssl  agencia  SQL > desc automovil;
+---------+-------------+------+-----+---------+-------+
| Field   | Type        | Null | Key | Default | Extra |
+---------+-------------+------+-----+---------+-------+
| n_serie | varchar(50) | NO   | PRI | NULL    |       |
| marca   | varchar(30) | NO   |     | NULL    |       |
| modelo  | varchar(30) | NO   |     | NULL    |       |
| año     | int         | NO   |     | NULL    |       |
| precio  | int         | NO   |     | NULL    |       |
+---------+-------------+------+-----+---------+-------+
5 rows in set (0.0010 sec)
 MySQL  localhost:3306 ssl  agencia  SQL > select * from automovil
                                        -> ;
+--------------------+--------+--------+------+--------+
| n_serie            | marca  | modelo | año | precio |
+--------------------+--------+--------+------+--------+
| AKK172JS839J8292J9 | Nissan | Tsuru  | 1992 |  30000 |
+--------------------+--------+--------+------+--------+
1 row in set (0.0003 sec)
 MySQL  localhost:3306 ssl  agencia  SQL > insert into automovil (n_serie, marca, modelo, año,precio) values ('AKK172KOSOS08889JS','Toyota','Sienna',2005, 800000);
Query OK, 1 row affected (0.0076 sec)
 MySQL  localhost:3306 ssl  agencia  SQL > select * from automovil ;
+--------------------+--------+--------+------+--------+
| n_serie            | marca  | modelo | año | precio |
+--------------------+--------+--------+------+--------+
| AKK172JS839J8292J9 | Nissan | Tsuru  | 1992 |  30000 |
| AKK172KOSOS08889JS | Toyota | Sienna | 2005 | 800000 |
+--------------------+--------+--------+------+--------+
2 rows in set (0.0004 sec)
 MySQL  localhost:3306 ssl  agencia  SQL > insert into automovil (n_serie, marca, modelo, año,precio) values ('AKK172KOSKAOI9977','Audi','R8',2010, 800000);
Query OK, 1 row affected (0.0066 sec)
 MySQL  localhost:3306 ssl  agencia  SQL > select * from automovil ;
+--------------------+--------+--------+------+--------+
| n_serie            | marca  | modelo | año | precio |
+--------------------+--------+--------+------+--------+
| AKK172JS839J8292J9 | Nissan | Tsuru  | 1992 |  30000 |
| AKK172KOSKAOI9977  | Audi   | R8     | 2010 | 800000 |
| AKK172KOSOS08889JS | Toyota | Sienna | 2005 | 800000 |
+--------------------+--------+--------+------+--------+
3 rows in set (0.0004 sec)
 MySQL  localhost:3306 ssl  agencia  SQL > insert into automovil (n_serie, marca, modelo, año,precio) values ('AKK172KOSKAOI9977','Honda','Civic',2004, 40000);
ERROR: 1062 (23000): Duplicate entry 'AKK172KOSKAOI9977' for key 'automovil.PRIMARY'
 MySQL  localhost:3306 ssl  agencia  SQL > insert into automovil (n_serie, marca, modelo, año,precio) values ('AKK172KOOKAUSS997','Honda','Civic',2004, 40000);
Query OK, 1 row affected (0.0029 sec)
 MySQL  localhost:3306 ssl  agencia  SQL > insert into automovil (n_serie, marca, modelo, año,precio) values ('AKK17LPQPQIUW88680','Ford','Mustang',2010, 60000);
Query OK, 1 row affected (0.0018 sec)
 MySQL  localhost:3306 ssl  agencia  SQL > select * from automovil ;
+--------------------+--------+---------+------+--------+
| n_serie            | marca  | modelo  | año | precio |
+--------------------+--------+---------+------+--------+
| AKK172JS839J8292J9 | Nissan | Tsuru   | 1992 |  30000 |
| AKK172KOOKAUSS997  | Honda  | Civic   | 2004 |  40000 |
| AKK172KOSKAOI9977  | Audi   | R8      | 2010 | 800000 |
| AKK172KOSOS08889JS | Toyota | Sienna  | 2005 | 800000 |
| AKK17LPQPQIUW88680 | Ford   | Mustang | 2010 |  60000 |
+--------------------+--------+---------+------+--------+
5 rows in set (0.0003 sec)
 MySQL  localhost:3306 ssl  agencia  SQL > desc clientes;
ERROR: 1146 (42S02): Table 'agencia.clientes' doesn't exist
 MySQL  localhost:3306 ssl  agencia  SQL > desc cliente;
+--------------+------------------------+------+-----+---------+----------------+
| Field        | Type                   | Null | Key | Default | Extra          |
+--------------+------------------------+------+-----+---------+----------------+
| clave        | int                    | NO   | PRI | NULL    | auto_increment |
| apellidos    | varchar(50)            | NO   |     | NULL    |                |
| nombre       | varchar(50)            | NO   |     | NULL    |                |
| tipo_cliente | enum('Fisica','Moral') | YES  |     | NULL    |                |
| razon_social | varchar(50)            | YES  |     | NULL    |                |
| RFC          | varchar(13)            | NO   |     | NULL    |                |
+--------------+------------------------+------+-----+---------+----------------+
6 rows in set (0.0019 sec)
 MySQL  localhost:3306 ssl  agencia  SQL > insert into cliente (apellidos, nombre, tipo_cliente, RFC) values ('Arellano Merendon','Jesus Manuel','Fisica','1209AKSUWI9104');
ERROR: 1406 (22001): Data too long for column 'RFC' at row 1
 MySQL  localhost:3306 ssl  agencia  SQL > insert into cliente (apellidos, nombre, tipo_cliente, RFC) values ('Arellano Merendon','Jesus Manuel','Fisica','1209AKSOQ0192');
Query OK, 1 row affected (0.0096 sec)
 MySQL  localhost:3306 ssl  agencia  SQL > select * from cliente;
+-------+-------------------+--------------+--------------+--------------+---------------+
| clave | apellidos         | nombre       | tipo_cliente | razon_social | RFC           |
+-------+-------------------+--------------+--------------+--------------+---------------+
|     1 | Arellano Merendon | Jesus Manuel | Fisica       | NULL         | 1209AKSOQ0192 |
+-------+-------------------+--------------+--------------+--------------+---------------+
1 row in set (0.0004 sec)
MySQL  localhost:3306 ssl  agencia  SQL > show tables;
+-------------------+
| Tables_in_agencia |
+-------------------+
| automovil         |
| cliente           |
| vendedor          |
+-------------------+
3 rows in set (0.0012 sec)
 MySQL  localhost:3306 ssl  agencia  SQL > desc cliente;
+--------------+------------------------+------+-----+---------+----------------+
| Field        | Type                   | Null | Key | Default | Extra          |
+--------------+------------------------+------+-----+---------+----------------+
| clave        | int                    | NO   | PRI | NULL    | auto_increment |
| apellidos    | varchar(50)            | NO   |     | NULL    |                |
| nombre       | varchar(50)            | NO   |     | NULL    |                |
| tipo_cliente | enum('Fisica','Moral') | YES  |     | NULL    |                |
| razon_social | varchar(50)            | YES  |     | NULL    |                |
| RFC          | varchar(13)            | NO   |     | NULL    |                |
+--------------+------------------------+------+-----+---------+----------------+
6 rows in set (0.0013 sec)
 MySQL  localhost:3306 ssl  agencia  SQL > insert into cliente (apellidos, nombre, tipo_cliente, RFC) values ('Soto Hernandez', 'Luis Angel', 'Fisica', 'AOPQLUW82081J');
Query OK, 1 row affected (0.0110 sec)
 MySQL  localhost:3306 ssl  agencia  SQL > insert into cliente (apellidos, nombre, tipo_cliente, RFC) values ('Delgado Enriquez', 'Luis Daniel', 'Fisica', 'LAOWUH19OWMS0');
Query OK, 1 row affected (0.0072 sec)
 MySQL  localhost:3306 ssl  agencia  SQL > insert into cliente (apellidos, nombre, tipo_cliente, RFC) values ('Reyes Valadez', 'Axel Felipe', 'Fisica', 'LAPOQ82JDY74F');
Query OK, 1 row affected (0.0073 sec)
 MySQL  localhost:3306 ssl  agencia  SQL > insert into cliente (apellidos, nombre, tipo_cliente, RFC) values ('Sosa Loya', 'Jesus Armando', 'Fisica', 'LAPOQ82JDK29SH');
ERROR: 1406 (22001): Data too long for column 'RFC' at row 1
 MySQL  localhost:3306 ssl  agencia  SQL > insert into cliente (apellidos, nombre, tipo_cliente, RFC) values ('Sosa Loya', 'Jesus Armando', 'Fisica', 'LAPOQ82JDK29S');
Query OK, 1 row affected (0.0148 sec)
 MySQL  localhost:3306 ssl  agencia  SQL > select * from cliente;
+-------+-------------------+---------------+--------------+--------------+---------------+
| clave | apellidos         | nombre        | tipo_cliente | razon_social | RFC           |
+-------+-------------------+---------------+--------------+--------------+---------------+
|     1 | Arellano Merendon | Jesus Manuel  | Fisica       | NULL         | 1209AKSOQ0192 |
|     2 | Soto Hernandez    | Luis Angel    | Fisica       | NULL         | AOPQLUW82081J |
|     3 | Delgado Enriquez  | Luis Daniel   | Fisica       | NULL         | LAOWUH19OWMS0 |
|     4 | Reyes Valadez     | Axel Felipe   | Fisica       | NULL         | LAPOQ82JDY74F |
|     5 | Sosa Loya         | Jesus Armando | Fisica       | NULL         | LAPOQ82JDK29S |
+-------+-------------------+---------------+--------------+--------------+---------------+
5 rows in set (0.0004 sec)
 MySQL  localhost:3306 ssl  agencia  SQL > desc vendedor;
+--------------------+--------------------+------+-----+---------+----------------+
| Field              | Type               | Null | Key | Default | Extra          |
+--------------------+--------------------+------+-----+---------+----------------+
| clave              | int                | NO   | PRI | NULL    | auto_increment |
| apellidos          | varchar(50)        | NO   |     | NULL    |                |
| nombre             | varchar(50)        | NO   |     | NULL    |                |
| RFC                | varchar(13)        | NO   |     | NULL    |                |
| comision_por_venta | enum('3','5','10') | NO   |     | NULL    |                |
+--------------------+--------------------+------+-----+---------+----------------+
5 rows in set (0.0014 sec)
 MySQL  localhost:3306 ssl  agencia  SQL > inset into vendedor (apellidos, nombre, RFC, comision_por_venta) values ('Chacon Rojo', 'Israel', 'ALO29AJDG0173','3');
ERROR: 1064 (42000): You have an error in your SQL syntax; check the manual that corresponds to your MySQL server version for the right syntax to use near 'inset into vendedor (apellidos, nombre, RFC, comision_por_venta) values ('Chacon' at line 1
 MySQL  localhost:3306 ssl  agencia  SQL > inset into vendedor (apellidos, nombre, RFC, comision_por_venta) values ('Chacon Rojo', 'Israel', 'ALO29AJDG0173',3);
ERROR: 1064 (42000): You have an error in your SQL syntax; check the manual that corresponds to your MySQL server version for the right syntax to use near 'inset into vendedor (apellidos, nombre, RFC, comision_por_venta) values ('Chacon' at line 1
 MySQL  localhost:3306 ssl  agencia  SQL > insert into vendedor (apellidos, nombre, RFC, comision_por_venta) values ('Chacon Rojo', 'Israel', 'ALO29AJDG0173','3');
Query OK, 1 row affected (0.0079 sec)
 MySQL  localhost:3306 ssl  agencia  SQL > insert into vendedor (apellidos, nombre, RFC, comision_por_venta) values ('Soto Hernandez', 'Luis Angel', 'ALO9KSUW62NSJ','5');
Query OK, 1 row affected (0.0021 sec)
 MySQL  localhost:3306 ssl  agencia  SQL > insert into vendedor (apellidos, nombre, RFC, comision_por_venta) values ('Arellano Merendon', 'Jesus Manuel', 'APJU83JDO9S02','10');
Query OK, 1 row affected (0.0072 sec)
 MySQL  localhost:3306 ssl  agencia  SQL > insert into vendedor (apellidos, nombre, RFC, comision_por_venta) values ('Reyes Valadez', 'Axel Felipe', 'KLIWO0174HDKS','3');
Query OK, 1 row affected (0.0066 sec)
 MySQL  localhost:3306 ssl  agencia  SQL > select * from vendedor;
+-------+-------------------+--------------+---------------+--------------------+
| clave | apellidos         | nombre       | RFC           | comision_por_venta |
+-------+-------------------+--------------+---------------+--------------------+
|     1 | Chacon Rojo       | Israel       | ALO29AJDG0173 | 3                  |
|     2 | Soto Hernandez    | Luis Angel   | ALO9KSUW62NSJ | 5                  |
|     3 | Arellano Merendon | Jesus Manuel | APJU83JDO9S02 | 10                 |
|     4 | Reyes Valadez     | Axel Felipe  | KLIWO0174HDKS | 3                  |
+-------+-------------------+--------------+---------------+--------------------+
4 rows in set (0.0004 sec)
 MySQL  localhost:3306 ssl  agencia  SQL > insert into vendedor (apellidos, nombre, RFC, comision_por_venta) values ('Delgado Enriquez', 'Luis Daniel', 'LSHDIWO20WIDJ','5');
Query OK, 1 row affected (0.0097 sec)
 MySQL  localhost:3306 ssl  agencia  SQL > select * from vendedor;
+-------+-------------------+--------------+---------------+--------------------+
| clave | apellidos         | nombre       | RFC           | comision_por_venta |
+-------+-------------------+--------------+---------------+--------------------+
|     1 | Chacon Rojo       | Israel       | ALO29AJDG0173 | 3                  |
|     2 | Soto Hernandez    | Luis Angel   | ALO9KSUW62NSJ | 5                  |
|     3 | Arellano Merendon | Jesus Manuel | APJU83JDO9S02 | 10                 |
|     4 | Reyes Valadez     | Axel Felipe  | KLIWO0174HDKS | 3                  |
|     5 | Delgado Enriquez  | Luis Daniel  | LSHDIWO20WIDJ | 5                  |
+-------+-------------------+--------------+---------------+--------------------+
5 rows in set (0.0004 sec)